// Jest Snapshot v1, https://goo.gl/fbAQLP

exports[`StorageSize StorageSize is render 1`] = `
Object {
  "asFragment": [Function],
  "baseElement": <body>
    <div>
      <div
        class="sizeWrapper"
      >
        <div
          class="valuesRow"
        >
          <div
            class="value"
          >
            <h4>
              2.399
              mb
            </h4>
          </div>
          <div
            class="value"
          >
            <h4>
              3.5
              mb
            </h4>
          </div>
        </div>
        <div
          class="progressBar"
        >
          <div
            class="innerRow"
            style="width: 68.54285714285714%;"
          />
        </div>
      </div>
    </div>
  </body>,
  "container": <div>
    <div
      class="sizeWrapper"
    >
      <div
        class="valuesRow"
      >
        <div
          class="value"
        >
          <h4>
            2.399
            mb
          </h4>
        </div>
        <div
          class="value"
        >
          <h4>
            3.5
            mb
          </h4>
        </div>
      </div>
      <div
        class="progressBar"
      >
        <div
          class="innerRow"
          style="width: 68.54285714285714%;"
        />
      </div>
    </div>
  </div>,
  "debug": [Function],
  "findAllByAltText": [Function],
  "findAllByDisplayValue": [Function],
  "findAllByLabelText": [Function],
  "findAllByPlaceholderText": [Function],
  "findAllByRole": [Function],
  "findAllByTestId": [Function],
  "findAllByText": [Function],
  "findAllByTitle": [Function],
  "findByAltText": [Function],
  "findByDisplayValue": [Function],
  "findByLabelText": [Function],
  "findByPlaceholderText": [Function],
  "findByRole": [Function],
  "findByTestId": [Function],
  "findByText": [Function],
  "findByTitle": [Function],
  "getAllByAltText": [Function],
  "getAllByDisplayValue": [Function],
  "getAllByLabelText": [Function],
  "getAllByPlaceholderText": [Function],
  "getAllByRole": [Function],
  "getAllByTestId": [Function],
  "getAllByText": [Function],
  "getAllByTitle": [Function],
  "getByAltText": [Function],
  "getByDisplayValue": [Function],
  "getByLabelText": [Function],
  "getByPlaceholderText": [Function],
  "getByRole": [Function],
  "getByTestId": [Function],
  "getByText": [Function],
  "getByTitle": [Function],
  "queryAllByAltText": [Function],
  "queryAllByDisplayValue": [Function],
  "queryAllByLabelText": [Function],
  "queryAllByPlaceholderText": [Function],
  "queryAllByRole": [Function],
  "queryAllByTestId": [Function],
  "queryAllByText": [Function],
  "queryAllByTitle": [Function],
  "queryByAltText": [Function],
  "queryByDisplayValue": [Function],
  "queryByLabelText": [Function],
  "queryByPlaceholderText": [Function],
  "queryByRole": [Function],
  "queryByTestId": [Function],
  "queryByText": [Function],
  "queryByTitle": [Function],
  "rerender": [Function],
  "unmount": [Function],
}
`;
